// Jest Snapshot v1, https://goo.gl/fbAQLP

exports[`<AriaToolbarItem /> snapshot should match snapshot 1`] = `
<TestComponent>
  <ForwardRef
    itemIndex={0}
  >
    <ButtonPill
      onFocus={[Function]}
      onKeyDown={[Function]}
      onPress={[Function]}
      tabIndex={0}
      useNativeKeyDown={true}
    >
      <Button
        className="md-button-pill-wrapper"
        color="default"
        data-disabled-outline={false}
        data-grown={false}
        onClick={[Function]}
        onFocus={[Function]}
        onKeyDown={[Function]}
        onPointerDown={[Function]}
        onPointerUp={[Function]}
        size={40}
        softDisabled={false}
        tabIndex={0}
        useNativeKeyDown={true}
        variant="primary"
      >
        <mdc-button
          class="md-button-pill-wrapper"
          data-disabled-outline={false}
          data-grown={false}
          onPointerDown={[Function]}
          onPointerUp={[Function]}
          suppressHydrationWarning={true}
          useNativeKeyDown={true}
        >
          Test
        </mdc-button>
      </Button>
    </ButtonPill>
  </ForwardRef>
</TestComponent>
`;
