// Jest Snapshot v1, https://goo.gl/fbAQLP

exports[`InputMessage snapshot should match snapshot 1`] = `
<InputMessage
  level="error"
  message="some message"
>
  <div
    className="md-input-message-wrapper"
  >
    <div
      className="md-input-message-message"
      message-level="error"
    >
      <div
        className="md-input-message--icon"
      >
        <Icon
          fillColor="var(--mds-color-theme-text-error-normal)"
          name="warning"
          scale={16}
          weight="bold"
        >
          <Icon
            className="md-icon-wrapper md-icon-auto-scales md-icon-scales md-icon-no-shrink"
            data-autoscale={false}
            data-scale={16}
            data-test="warning"
            name="warning-bold"
            style={
              Object {
                "--mdc-icon-fill-color": "var(--mds-color-theme-text-error-normal)",
              }
            }
          >
            <mdc-icon
              class="md-icon-wrapper md-icon-auto-scales md-icon-scales md-icon-no-shrink"
              data-autoscale={false}
              data-scale={16}
              data-test="warning"
              style={
                Object {
                  "--mdc-icon-fill-color": "var(--mds-color-theme-text-error-normal)",
                }
              }
              suppressHydrationWarning={true}
            />
          </Icon>
        </Icon>
      </div>
      <Text
        className="md-input-message--text"
        tagName="small"
        type="body-secondary"
      >
        <Text
          className="md-text-wrapper md-input-message--text"
          tagname="small"
          type="body-midsize-regular"
        >
          <mdc-text
            class="md-text-wrapper md-input-message--text"
            suppressHydrationWarning={true}
          >
            some message
          </mdc-text>
        </Text>
      </Text>
    </div>
  </div>
</InputMessage>
`;
